2026-05-09 20:00:38 [INFO] frame_v1 config version=1 header_len=25 payload_max=1024 frame_max=1049 stream_buf_cap=4196
2026-05-09 20:00:38 [INFO] rx start bind=127.0.0.1:9606 duration_sec=9
2026-05-09 20:00:38 [INFO] rx recovery_mode=fsm
2026-05-09 20:00:38 [INFO] link_fsm mode=fsm initial=Normal degraded_detect=recv_ok_zero_for_2_windows recover_complete=recv_ok_positive_for_2_windows
2026-05-09 20:00:39 [INFO] rx_stats elapsed_sec=1 avg_latency=0.000 max_latency=0.000 min_latency=0.000 recv_cnt=0 ok_recv_cnt=0 gap_cnt=0 dup_cnt=0 reord_cnt=0 pps=0.00 cpu_pct=0.00
2026-05-09 20:00:40 [INFO] rx_stats elapsed_sec=2 avg_latency=0.191 max_latency=0.254 min_latency=0.149 recv_cnt=10 ok_recv_cnt=30 gap_cnt=0 dup_cnt=0 reord_cnt=0 pps=10.00 cpu_pct=0.05
2026-05-09 20:00:41 [INFO] rx_stats elapsed_sec=3 avg_latency=0.189 max_latency=0.505 min_latency=0.094 recv_cnt=10 ok_recv_cnt=30 gap_cnt=0 dup_cnt=0 reord_cnt=0 pps=10.00 cpu_pct=0.04
2026-05-09 20:00:42 [INFO] rx_stats elapsed_sec=4 avg_latency=0.000 max_latency=0.000 min_latency=0.000 recv_cnt=0 ok_recv_cnt=0 gap_cnt=0 dup_cnt=0 reord_cnt=0 pps=0.00 cpu_pct=0.01
2026-05-09 20:00:43 [INFO] link_state Normal -> Degraded since_start_ms=5000 reason=no_recv_ok_for_threshold_windows empty_windows=2 good_windows=0 recv_ok_in_window=0
2026-05-09 20:00:43 [INFO] rx_stats elapsed_sec=5 avg_latency=0.000 max_latency=0.000 min_latency=0.000 recv_cnt=0 ok_recv_cnt=0 gap_cnt=0 dup_cnt=0 reord_cnt=0 pps=0.00 cpu_pct=0.02
2026-05-09 20:00:44 [INFO] rx_stats elapsed_sec=6 avg_latency=0.000 max_latency=0.000 min_latency=0.000 recv_cnt=0 ok_recv_cnt=0 gap_cnt=0 dup_cnt=0 reord_cnt=0 pps=0.00 cpu_pct=0.01
2026-05-09 20:00:44 [INFO] link_state Degraded -> Recover since_start_ms=6004 reason=recv_ok_resumed empty_windows=3 good_windows=0 recv_ok_in_window=1
2026-05-09 20:00:45 [INFO] rx_stats elapsed_sec=7 avg_latency=0.269 max_latency=1.133 min_latency=0.113 recv_cnt=10 ok_recv_cnt=30 gap_cnt=0 dup_cnt=0 reord_cnt=0 pps=10.00 cpu_pct=0.05
2026-05-09 20:00:46 [INFO] link_state Recover -> Normal since_start_ms=8000 reason=recover_completed_by_healthy_windows empty_windows=0 good_windows=2 recv_ok_in_window=30
2026-05-09 20:00:46 [INFO] rx_stats elapsed_sec=8 avg_latency=0.189 max_latency=0.432 min_latency=0.120 recv_cnt=10 ok_recv_cnt=30 gap_cnt=0 dup_cnt=0 reord_cnt=0 pps=10.00 cpu_pct=0.06
2026-05-09 20:00:47 [INFO] rx_stats elapsed_sec=9 avg_latency=0.767 max_latency=0.767 min_latency=0.767 recv_cnt=1 ok_recv_cnt=3 gap_cnt=0 dup_cnt=0 reord_cnt=0 pps=1.00 cpu_pct=0.01
2026-05-09 20:00:47 [INFO] duration elapsed, exiting
2026-05-09 20:00:47 [INFO] rx summary recv_any=41 recv_ok=123 bad_size=0 bad_header=0 bad_crc=0 resync_count=0 preamble_miss=0 crc_fail=0 len_invalid=0 poll_timeout=9 elapsed_ms=9002 avg_latency_ms=0.223 max_latency_ms=1 min_latency_ms=0 gap_cnt=0 dup_cnt=0 reord_cnt=0 future_ts_cnt=0 future_ts_detected=0
2026-05-09 20:00:47 [INFO] trial_summary link_name=host_loopback trial=1 duration_sec=9 sent=na recv_ok=123 gap_est=0 crc_fail=0 len_invalid=0 preamble_miss=0 resync_count=0 latency_p50_ms=0.175 latency_p95_ms=0.505 latency_p99_ms=1.133 latency_max_ms=1.133
2026-05-09 20:00:47 [INFO] rx end
